// Jest Snapshot v1, https://goo.gl/fbAQLP

exports[`FilmBlockFrontSide renders correctly 1`] = `
<div
  className="film__block"
>
  <div
    className="control"
  >
    <img
      alt={1}
      className="wall"
      onError={[Function]}
      onLoad={[Function]}
      src=""
    />
    <div
      className="hidden"
    >
      <button
        className="play"
        onClick={[Function]}
        type="button"
      >
        <svg
          className="icon"
          xlinkHref="#icon-play3"
        >
          <symbol
            id="icon-play3"
            viewBox="-8 -5 50 50"
          >
            <path
              d="M6 4l20 12-20 12z"
            />
          </symbol>
          <use
            xlinkHref="#icon-play3"
          />
        </svg>
      </button>
      <p
        className="watch__now"
      >
        Watch Now
      </p>
      <button
        className="info"
        onClick={[Function]}
        type="button"
      >
        View Info
      </button>
    </div>
  </div>
  <FilmDescription
    mode={true}
    name="nemo"
    rating={0}
    tagList="empty"
  />
</div>
`;
