// Jest Snapshot v1, https://goo.gl/fbAQLP

exports[`FilmBlockFrontSide renders correctly 1`] = `
<div
  className="film__block"
>
  <div
    className="control"
  >
    <img
      alt={1}
      className="wall"
      src=""
    />
    <div
      className="hidden"
    >
      <button
        className="play"
        onClick={[Function]}
        type="button"
      >
        <svg
          className="svg"
        >
          <use
            xlinkHref="mocked-image"
          />
        </svg>
      </button>
      <p
        className="watch__now"
      >
        Watch Now
      </p>
      <button
        className="info"
        onClick={[Function]}
        type="button"
      >
        View Info
      </button>
    </div>
  </div>
  <FilmDescription
    mode={true}
    name="nemo"
    rating={0}
    tagList="empty"
  />
</div>
`;
