// Jest Snapshot v1, https://goo.gl/fbAQLP

exports[`Search renders correctly 1`] = `
<div
  className="search__line"
>
  <big
    className="title"
  >
    FILMS
  </big>
  <div
    className="search"
  >
    <form
      className="search_form"
    >
      <input
        className="search_text"
        onChange={[Function]}
        placeholder="Search here..."
        type="text"
        value=""
      />
      <button
        className="search_button"
        disabled={true}
        id="push"
        type="button"
      >
        <Link
          to="/1/Block/"
        >
          <svg
            className="svg"
          >
            <use
              xlinkHref="mocked-image"
            />
          </svg>
        </Link>
      </button>
    </form>
  </div>
</div>
`;
