// Jest Snapshot v1, https://goo.gl/fbAQLP

exports[`Search renders correctly 1`] = `
<div
  className="search"
>
  <form
    className="search_form"
  >
    <input
      className="search_text"
      placeholder="Search here..."
      type="text"
    />
    <button
      className="search_button"
      id="push"
      type="submit"
    >
      ⌕
    </button>
  </form>
</div>
`;
