// Jest Snapshot v1, https://goo.gl/fbAQLP

exports[`Rate renders correctly 1`] = `
<div
  className="rate"
>
  <span
    className="void_star"
  />
  <span
    className="void_star"
  />
  <span
    className="void_star"
  />
  <span
    className="void_star"
  />
  <span
    className="void_star"
  />
</div>
`;
