// Jest Snapshot v1, https://goo.gl/fbAQLP

exports[`renders correctly 1`] = `
<div
  className="rate"
>
  <span
    className="voidStar"
  />
  <span
    className="voidStar"
  />
  <span
    className="voidStar"
  />
  <span
    className="voidStar"
  />
  <span
    className="voidStar"
  />
</div>
`;
