// Jest Snapshot v1, https://goo.gl/fbAQLP

exports[`Info renders correctly 1`] = `
<div
  className="info sheer"
>
  <p
    className="text unvisible"
  >
    
  </p>
  <div
    className="buttons"
  >
    <button
      className="watch"
      id="watch"
      onClick={[Function]}
      type="button"
    >
      Watch now
    </button>
    <button
      className="view"
      id="check"
      onClick={[Function]}
      type="button"
    >
      View info
    </button>
  </div>
</div>
`;
